src/components/forms/SecureFormComponents.tsx(9,8): error TS2307: Cannot find module '../services/securityEnhanced' or its corresponding type declarations.
src/components/pages/SchedulePage.tsx(19,10): error TS2305: Module '"../../types"' has no exported member 'ValidationRules'.
src/components/pages/student/schemas.ts(3,10): error TS2305: Module '"../../../types"' has no exported member 'ValidationRules'.
src/components/pages/StudentDetailPage.tsx(575,29): error TS2322: Type '{ id: number; created_at: string; quiz_name: string; subject: string; points: number; max_points: number; quiz_date: string; student_id: string; user_id: string; } | null' is not assignable to type '{ id: string; student_id: string; subject: string; score: number; notes: string; user_id: string; created_at: string; assessment_name: string | null; } | null'.
  Type '{ id: number; created_at: string; quiz_name: string; subject: string; points: number; max_points: number; quiz_date: string; student_id: string; user_id: string; }' is missing the following properties from type '{ id: string; student_id: string; subject: string; score: number; notes: string; user_id: string; created_at: string; assessment_name: string | null; }': score, notes, assessment_name
src/components/pages/TasksPage.tsx(43,10): error TS2305: Module '"../../types"' has no exported member 'ValidationRules'.
src/components/ui/Button.stories.tsx(2,20): error TS2307: Cannot find module '@storybook/test' or its corresponding type declarations.
src/components/ui/InteractiveCharts.tsx(37,74): error TS2339: Property 'payload' does not exist on type 'TooltipProps<number, string>'.
src/components/ui/InteractiveCharts.tsx(37,83): error TS2339: Property 'label' does not exist on type 'TooltipProps<number, string>'.
src/components/ui/InteractiveCharts.tsx(42,31): error TS7006: Parameter 'entry' implicitly has an 'any' type.
src/components/ui/InteractiveCharts.tsx(42,38): error TS7006: Parameter 'index' implicitly has an 'any' type.
src/components/ui/InteractiveCharts.tsx(164,45): error TS2345: Argument of type 'number | TooltipIndex' is not assignable to parameter of type 'SetStateAction<number | null>'.
  Type 'string' is not assignable to type 'SetStateAction<number | null>'.
src/components/ui/InteractiveCharts.tsx(260,44): error TS2345: Argument of type 'number | TooltipIndex' is not assignable to parameter of type 'SetStateAction<number | null>'.
  Type 'string' is not assignable to type 'SetStateAction<number | null>'.
src/components/ui/InteractiveCharts.tsx(283,29): error TS2339: Property 'cell' does not exist on type 'JSX.IntrinsicElements'.
src/components/ui/Modal.stories.tsx(60,14): error TS2322: Type '{ render: () => JSX.Element; }' is not assignable to type 'StoryAnnotations<ReactRenderer, { isOpen: boolean; onClose: () => void; title: string; children: ReactNode; icon?: ReactNode; }, { isOpen: boolean; onClose: () => void; title: string; children: ReactNode; icon?: ReactNode; }>'.
  Property 'args' is missing in type '{ render: () => JSX.Element; }' but required in type '{ args: { isOpen: boolean; onClose: () => void; title: string; children: ReactNode; icon?: ReactNode; }; }'.
src/components/ui/Modal.stories.tsx(79,14): error TS2322: Type '{ render: () => JSX.Element; }' is not assignable to type 'StoryAnnotations<ReactRenderer, { isOpen: boolean; onClose: () => void; title: string; children: ReactNode; icon?: ReactNode; }, { isOpen: boolean; onClose: () => void; title: string; children: ReactNode; icon?: ReactNode; }>'.
  Property 'args' is missing in type '{ render: () => JSX.Element; }' but required in type '{ args: { isOpen: boolean; onClose: () => void; title: string; children: ReactNode; icon?: ReactNode; }; }'.
src/components/ui/Modal.stories.tsx(108,14): error TS2322: Type '{ render: () => JSX.Element; }' is not assignable to type 'StoryAnnotations<ReactRenderer, { isOpen: boolean; onClose: () => void; title: string; children: ReactNode; icon?: ReactNode; }, { isOpen: boolean; onClose: () => void; title: string; children: ReactNode; icon?: ReactNode; }>'.
  Property 'args' is missing in type '{ render: () => JSX.Element; }' but required in type '{ args: { isOpen: boolean; onClose: () => void; title: string; children: ReactNode; icon?: ReactNode; }; }'.
src/components/ui/Modal.stories.tsx(144,14): error TS2322: Type '{ render: () => JSX.Element; }' is not assignable to type 'StoryAnnotations<ReactRenderer, { isOpen: boolean; onClose: () => void; title: string; children: ReactNode; icon?: ReactNode; }, { isOpen: boolean; onClose: () => void; title: string; children: ReactNode; icon?: ReactNode; }>'.
  Property 'args' is missing in type '{ render: () => JSX.Element; }' but required in type '{ args: { isOpen: boolean; onClose: () => void; title: string; children: ReactNode; icon?: ReactNode; }; }'.
src/components/ui/Modal.stories.tsx(215,14): error TS2322: Type '{ render: () => JSX.Element; }' is not assignable to type 'StoryAnnotations<ReactRenderer, { isOpen: boolean; onClose: () => void; title: string; children: ReactNode; icon?: ReactNode; }, { isOpen: boolean; onClose: () => void; title: string; children: ReactNode; icon?: ReactNode; }>'.
  Property 'args' is missing in type '{ render: () => JSX.Element; }' but required in type '{ args: { isOpen: boolean; onClose: () => void; title: string; children: ReactNode; icon?: ReactNode; }; }'.
src/components/ui/Modal.stories.tsx(259,14): error TS2322: Type '{ render: () => JSX.Element; }' is not assignable to type 'StoryAnnotations<ReactRenderer, { isOpen: boolean; onClose: () => void; title: string; children: ReactNode; icon?: ReactNode; }, { isOpen: boolean; onClose: () => void; title: string; children: ReactNode; icon?: ReactNode; }>'.
  Property 'args' is missing in type '{ render: () => JSX.Element; }' but required in type '{ args: { isOpen: boolean; onClose: () => void; title: string; children: ReactNode; icon?: ReactNode; }; }'.
src/components/ui/OptimizedImage.tsx(2,88): error TS2307: Cannot find module '../utils/performance' or its corresponding type declarations.
src/components/ui/OptimizedImage.tsx(59,9): error TS2554: Expected 1 arguments, but got 0.
src/components/ui/OptimizedImage.tsx(64,9): error TS2554: Expected 1 arguments, but got 0.
src/components/ui/Switch.stories.tsx(175,39): error TS2686: 'React' refers to a UMD global, but the current file is a module. Consider adding an import instead.
src/components/ui/Tabs.stories.tsx(50,14): error TS2322: Type '{ render: () => JSX.Element; }' is not assignable to type 'StoryAnnotations<ReactRenderer, { children: ReactNode; defaultValue?: string | undefined; value?: string | undefined; className?: string | undefined; onValueChange?: ((value: string) => void) | undefined; }, { ...; }>'.
  Property 'args' is missing in type '{ render: () => JSX.Element; }' but required in type '{ args: { children: ReactNode; defaultValue?: string | undefined; value?: string | undefined; className?: string | undefined; onValueChange?: ((value: string) => void) | undefined; }; }'.
src/components/ui/Tabs.stories.tsx(52,31): error TS2322: Type '{ children: Element[]; defaultValue: string; style: { width: string; }; }' is not assignable to type 'IntrinsicAttributes & TabsProps'.
  Property 'style' does not exist on type 'IntrinsicAttributes & TabsProps'.
src/components/ui/Tabs.stories.tsx(58,33): error TS2322: Type '{ children: Element; value: string; style: { marginTop: string; }; }' is not assignable to type 'IntrinsicAttributes & { children: ReactNode; value: string; className?: string | undefined; }'.
  Property 'style' does not exist on type 'IntrinsicAttributes & { children: ReactNode; value: string; className?: string | undefined; }'.
src/components/ui/Tabs.stories.tsx(61,33): error TS2322: Type '{ children: Element; value: string; style: { marginTop: string; }; }' is not assignable to type 'IntrinsicAttributes & { children: ReactNode; value: string; className?: string | undefined; }'.
  Property 'style' does not exist on type 'IntrinsicAttributes & { children: ReactNode; value: string; className?: string | undefined; }'.
src/components/ui/Tabs.stories.tsx(64,33): error TS2322: Type '{ children: Element; value: string; style: { marginTop: string; }; }' is not assignable to type 'IntrinsicAttributes & { children: ReactNode; value: string; className?: string | undefined; }'.
  Property 'style' does not exist on type 'IntrinsicAttributes & { children: ReactNode; value: string; className?: string | undefined; }'.
src/components/ui/Tabs.stories.tsx(75,14): error TS2322: Type '{ render: () => JSX.Element; }' is not assignable to type 'StoryAnnotations<ReactRenderer, { children: ReactNode; defaultValue?: string | undefined; value?: string | undefined; className?: string | undefined; onValueChange?: ((value: string) => void) | undefined; }, { ...; }>'.
  Property 'args' is missing in type '{ render: () => JSX.Element; }' but required in type '{ args: { children: ReactNode; defaultValue?: string | undefined; value?: string | undefined; className?: string | undefined; onValueChange?: ((value: string) => void) | undefined; }; }'.
src/components/ui/Tabs.stories.tsx(77,35): error TS2322: Type '{ children: Element[]; defaultValue: string; style: { width: string; }; }' is not assignable to type 'IntrinsicAttributes & TabsProps'.
  Property 'style' does not exist on type 'IntrinsicAttributes & TabsProps'.
src/components/ui/Tabs.stories.tsx(83,37): error TS2322: Type '{ children: Element; value: string; style: { marginTop: string; }; }' is not assignable to type 'IntrinsicAttributes & { children: ReactNode; value: string; className?: string | undefined; }'.
  Property 'style' does not exist on type 'IntrinsicAttributes & { children: ReactNode; value: string; className?: string | undefined; }'.
src/components/ui/Tabs.stories.tsx(91,36): error TS2322: Type '{ children: Element; value: string; style: { marginTop: string; }; }' is not assignable to type 'IntrinsicAttributes & { children: ReactNode; value: string; className?: string | undefined; }'.
  Property 'style' does not exist on type 'IntrinsicAttributes & { children: ReactNode; value: string; className?: string | undefined; }'.
src/components/ui/Tabs.stories.tsx(99,37): error TS2322: Type '{ children: Element; value: string; style: { marginTop: string; }; }' is not assignable to type 'IntrinsicAttributes & { children: ReactNode; value: string; className?: string | undefined; }'.
  Property 'style' does not exist on type 'IntrinsicAttributes & { children: ReactNode; value: string; className?: string | undefined; }'.
src/components/ui/Tabs.stories.tsx(115,14): error TS2322: Type '{ render: () => JSX.Element; }' is not assignable to type 'StoryAnnotations<ReactRenderer, { children: ReactNode; defaultValue?: string | undefined; value?: string | undefined; className?: string | undefined; onValueChange?: ((value: string) => void) | undefined; }, { ...; }>'.
  Property 'args' is missing in type '{ render: () => JSX.Element; }' but required in type '{ args: { children: ReactNode; defaultValue?: string | undefined; value?: string | undefined; className?: string | undefined; onValueChange?: ((value: string) => void) | undefined; }; }'.
src/components/ui/Tabs.stories.tsx(117,34): error TS2322: Type '{ children: Element[]; defaultValue: string; style: { width: string; }; }' is not assignable to type 'IntrinsicAttributes & TabsProps'.
  Property 'style' does not exist on type 'IntrinsicAttributes & TabsProps'.
src/components/ui/Tabs.stories.tsx(149,36): error TS2322: Type '{ children: Element; value: string; style: { marginTop: string; }; }' is not assignable to type 'IntrinsicAttributes & { children: ReactNode; value: string; className?: string | undefined; }'.
  Property 'style' does not exist on type 'IntrinsicAttributes & { children: ReactNode; value: string; className?: string | undefined; }'.
src/components/ui/Tabs.stories.tsx(156,35): error TS2322: Type '{ children: Element; value: string; style: { marginTop: string; }; }' is not assignable to type 'IntrinsicAttributes & { children: ReactNode; value: string; className?: string | undefined; }'.
  Property 'style' does not exist on type 'IntrinsicAttributes & { children: ReactNode; value: string; className?: string | undefined; }'.
src/components/ui/Tabs.stories.tsx(163,39): error TS2322: Type '{ children: Element; value: string; style: { marginTop: string; }; }' is not assignable to type 'IntrinsicAttributes & { children: ReactNode; value: string; className?: string | undefined; }'.
  Property 'style' does not exist on type 'IntrinsicAttributes & { children: ReactNode; value: string; className?: string | undefined; }'.
src/components/ui/Tabs.stories.tsx(178,14): error TS2322: Type '{ render: () => JSX.Element; }' is not assignable to type 'StoryAnnotations<ReactRenderer, { children: ReactNode; defaultValue?: string | undefined; value?: string | undefined; className?: string | undefined; onValueChange?: ((value: string) => void) | undefined; }, { ...; }>'.
  Property 'args' is missing in type '{ render: () => JSX.Element; }' but required in type '{ args: { children: ReactNode; defaultValue?: string | undefined; value?: string | undefined; className?: string | undefined; onValueChange?: ((value: string) => void) | undefined; }; }'.
src/components/ui/Tabs.stories.tsx(180,36): error TS2322: Type '{ children: Element[]; defaultValue: string; style: { width: string; }; }' is not assignable to type 'IntrinsicAttributes & TabsProps'.
  Property 'style' does not exist on type 'IntrinsicAttributes & TabsProps'.
src/components/ui/Tabs.stories.tsx(186,38): error TS2322: Type '{ children: Element; value: string; style: { marginTop: string; }; }' is not assignable to type 'IntrinsicAttributes & { children: ReactNode; value: string; className?: string | undefined; }'.
  Property 'style' does not exist on type 'IntrinsicAttributes & { children: ReactNode; value: string; className?: string | undefined; }'.
src/components/ui/Tabs.stories.tsx(214,38): error TS2322: Type '{ children: Element; value: string; style: { marginTop: string; }; }' is not assignable to type 'IntrinsicAttributes & { children: ReactNode; value: string; className?: string | undefined; }'.
  Property 'style' does not exist on type 'IntrinsicAttributes & { children: ReactNode; value: string; className?: string | undefined; }'.
src/components/ui/Tabs.stories.tsx(224,36): error TS2322: Type '{ children: Element; value: string; style: { marginTop: string; }; }' is not assignable to type 'IntrinsicAttributes & { children: ReactNode; value: string; className?: string | undefined; }'.
  Property 'style' does not exist on type 'IntrinsicAttributes & { children: ReactNode; value: string; className?: string | undefined; }'.
src/components/ui/Tabs.stories.tsx(245,14): error TS2322: Type '{ render: () => JSX.Element; }' is not assignable to type 'StoryAnnotations<ReactRenderer, { children: ReactNode; defaultValue?: string | undefined; value?: string | undefined; className?: string | undefined; onValueChange?: ((value: string) => void) | undefined; }, { ...; }>'.
  Property 'args' is missing in type '{ render: () => JSX.Element; }' but required in type '{ args: { children: ReactNode; defaultValue?: string | undefined; value?: string | undefined; className?: string | undefined; onValueChange?: ((value: string) => void) | undefined; }; }'.
src/components/ui/Tabs.stories.tsx(247,31): error TS2322: Type '{ children: Element[]; defaultValue: string; style: { width: string; }; }' is not assignable to type 'IntrinsicAttributes & TabsProps'.
  Property 'style' does not exist on type 'IntrinsicAttributes & TabsProps'.
src/components/ui/Tabs.stories.tsx(259,33): error TS2322: Type '{ children: Element; value: string; style: { marginTop: string; }; }' is not assignable to type 'IntrinsicAttributes & { children: ReactNode; value: string; className?: string | undefined; }'.
  Property 'style' does not exist on type 'IntrinsicAttributes & { children: ReactNode; value: string; className?: string | undefined; }'.
src/components/ui/Tabs.stories.tsx(262,33): error TS2322: Type '{ children: Element; value: string; style: { marginTop: string; }; }' is not assignable to type 'IntrinsicAttributes & { children: ReactNode; value: string; className?: string | undefined; }'.
  Property 'style' does not exist on type 'IntrinsicAttributes & { children: ReactNode; value: string; className?: string | undefined; }'.
src/components/ui/Tabs.stories.tsx(265,33): error TS2322: Type '{ children: Element; value: string; style: { marginTop: string; }; }' is not assignable to type 'IntrinsicAttributes & { children: ReactNode; value: string; className?: string | undefined; }'.
  Property 'style' does not exist on type 'IntrinsicAttributes & { children: ReactNode; value: string; className?: string | undefined; }'.
src/components/ui/Tabs.stories.tsx(268,33): error TS2322: Type '{ children: Element; value: string; style: { marginTop: string; }; }' is not assignable to type 'IntrinsicAttributes & { children: ReactNode; value: string; className?: string | undefined; }'.
  Property 'style' does not exist on type 'IntrinsicAttributes & { children: ReactNode; value: string; className?: string | undefined; }'.
src/components/ui/Tabs.stories.tsx(271,33): error TS2322: Type '{ children: Element; value: string; style: { marginTop: string; }; }' is not assignable to type 'IntrinsicAttributes & { children: ReactNode; value: string; className?: string | undefined; }'.
  Property 'style' does not exist on type 'IntrinsicAttributes & { children: ReactNode; value: string; className?: string | undefined; }'.
src/components/ui/Tabs.stories.tsx(274,33): error TS2322: Type '{ children: Element; value: string; style: { marginTop: string; }; }' is not assignable to type 'IntrinsicAttributes & { children: ReactNode; value: string; className?: string | undefined; }'.
  Property 'style' does not exist on type 'IntrinsicAttributes & { children: ReactNode; value: string; className?: string | undefined; }'.
src/components/ui/Tabs.stories.tsx(277,33): error TS2322: Type '{ children: Element; value: string; style: { marginTop: string; }; }' is not assignable to type 'IntrinsicAttributes & { children: ReactNode; value: string; className?: string | undefined; }'.
  Property 'style' does not exist on type 'IntrinsicAttributes & { children: ReactNode; value: string; className?: string | undefined; }'.
src/components/ui/Tabs.stories.tsx(288,14): error TS2322: Type '{ render: () => JSX.Element; }' is not assignable to type 'StoryAnnotations<ReactRenderer, { children: ReactNode; defaultValue?: string | undefined; value?: string | undefined; className?: string | undefined; onValueChange?: ((value: string) => void) | undefined; }, { ...; }>'.
  Property 'args' is missing in type '{ render: () => JSX.Element; }' but required in type '{ args: { children: ReactNode; defaultValue?: string | undefined; value?: string | undefined; className?: string | undefined; onValueChange?: ((value: string) => void) | undefined; }; }'.
src/components/ui/Tabs.stories.tsx(290,39): error TS2686: 'React' refers to a UMD global, but the current file is a module. Consider adding an import instead.
src/components/ui/Tabs.stories.tsx(314,37): error TS2322: Type '{ children: Element; value: string; style: { marginTop: string; }; }' is not assignable to type 'IntrinsicAttributes & { children: ReactNode; value: string; className?: string | undefined; }'.
  Property 'style' does not exist on type 'IntrinsicAttributes & { children: ReactNode; value: string; className?: string | undefined; }'.
src/components/ui/Tabs.stories.tsx(317,40): error TS2322: Type '{ children: Element; value: string; style: { marginTop: string; }; }' is not assignable to type 'IntrinsicAttributes & { children: ReactNode; value: string; className?: string | undefined; }'.
  Property 'style' does not exist on type 'IntrinsicAttributes & { children: ReactNode; value: string; className?: string | undefined; }'.
src/components/ui/Tabs.stories.tsx(320,41): error TS2322: Type '{ children: Element; value: string; style: { marginTop: string; }; }' is not assignable to type 'IntrinsicAttributes & { children: ReactNode; value: string; className?: string | undefined; }'.
  Property 'style' does not exist on type 'IntrinsicAttributes & { children: ReactNode; value: string; className?: string | undefined; }'.
src/components/ui/Textarea.stories.tsx(82,29): error TS2686: 'React' refers to a UMD global, but the current file is a module. Consider adding an import instead.
src/contexts/I18nContext.tsx(9,26): error TS2589: Type instantiation is excessively deep and possibly infinite.
src/contexts/I18nContext.tsx(1046,29): error TS2484: Export declaration conflicts with exported declaration of 'Language'.
src/hooks/useDragDrop.tsx(610,9): error TS2783: 'id' is specified more than once, so this usage will be overwritten.
src/hooks/useErrorMonitoring.ts(14,17): error TS2345: Argument of type 'string' is not assignable to parameter of type 'Error'.
src/hooks/useErrorMonitoring.ts(28,17): error TS2345: Argument of type 'string' is not assignable to parameter of type 'Error'.
src/hooks/useOfflineSync.ts(112,41): error TS2345: Argument of type 'string' is not assignable to parameter of type 'Error'.
src/hooks/useOfflineSync.ts(193,19): error TS2769: No overload matches this call.
  Overload 1 of 2, '(relation: "academic_records" | "communications" | "quiz_points" | "attendance" | "classes" | "students" | "reports" | "schedules" | "violations" | "tasks" | "action_history" | "export_templates"): PostgrestQueryBuilder<...>', gave the following error.
    Argument of type 'string' is not assignable to parameter of type '"academic_records" | "communications" | "quiz_points" | "attendance" | "classes" | "students" | "reports" | "schedules" | "violations" | "tasks" | "action_history" | "export_templates"'.
  Overload 2 of 2, '(relation: never): PostgrestQueryBuilder<{ PostgrestVersion: "12"; }, { Tables: { academic_records: { Row: { id: string; student_id: string; subject: string; score: number; notes: string; user_id: string; created_at: string; assessment_name: string | null; }; Insert: { ...; }; Update: { ...; }; Relationships: []; }; ... 10 more ...; export_templates: { ...; }; }; Views: {}; Functions: { ...; }; Enums: { ...; }; CompositeTypes: {}; }, never, never, never>', gave the following error.
    Argument of type 'string' is not assignable to parameter of type 'never'.
src/hooks/useOfflineSync.ts(231,23): error TS2769: No overload matches this call.
  Overload 1 of 2, '(relation: "academic_records" | "communications" | "quiz_points" | "attendance" | "classes" | "students" | "reports" | "schedules" | "violations" | "tasks" | "action_history" | "export_templates"): PostgrestQueryBuilder<...>', gave the following error.
    Argument of type 'string' is not assignable to parameter of type '"academic_records" | "communications" | "quiz_points" | "attendance" | "classes" | "students" | "reports" | "schedules" | "violations" | "tasks" | "action_history" | "export_templates"'.
  Overload 2 of 2, '(relation: never): PostgrestQueryBuilder<{ PostgrestVersion: "12"; }, { Tables: { academic_records: { Row: { id: string; student_id: string; subject: string; score: number; notes: string; user_id: string; created_at: string; assessment_name: string | null; }; Insert: { ...; }; Update: { ...; }; Relationships: []; }; ... 10 more ...; export_templates: { ...; }; }; Views: {}; Functions: { ...; }; Enums: { ...; }; CompositeTypes: {}; }, never, never, never>', gave the following error.
    Argument of type 'string' is not assignable to parameter of type 'never'.
src/hooks/useOfflineSync.ts(240,23): error TS2769: No overload matches this call.
  Overload 1 of 2, '(relation: "academic_records" | "communications" | "quiz_points" | "attendance" | "classes" | "students" | "reports" | "schedules" | "violations" | "tasks" | "action_history" | "export_templates"): PostgrestQueryBuilder<...>', gave the following error.
    Argument of type 'string' is not assignable to parameter of type '"academic_records" | "communications" | "quiz_points" | "attendance" | "classes" | "students" | "reports" | "schedules" | "violations" | "tasks" | "action_history" | "export_templates"'.
  Overload 2 of 2, '(relation: never): PostgrestQueryBuilder<{ PostgrestVersion: "12"; }, { Tables: { academic_records: { Row: { id: string; student_id: string; subject: string; score: number; notes: string; user_id: string; created_at: string; assessment_name: string | null; }; Insert: { ...; }; Update: { ...; }; Relationships: []; }; ... 10 more ...; export_templates: { ...; }; }; Views: {}; Functions: { ...; }; Enums: { ...; }; CompositeTypes: {}; }, never, never, never>', gave the following error.
    Argument of type 'string' is not assignable to parameter of type 'never'.
src/hooks/useOfflineSync.ts(249,23): error TS2769: No overload matches this call.
  Overload 1 of 2, '(relation: "academic_records" | "communications" | "quiz_points" | "attendance" | "classes" | "students" | "reports" | "schedules" | "violations" | "tasks" | "action_history" | "export_templates"): PostgrestQueryBuilder<...>', gave the following error.
    Argument of type 'string' is not assignable to parameter of type '"academic_records" | "communications" | "quiz_points" | "attendance" | "classes" | "students" | "reports" | "schedules" | "violations" | "tasks" | "action_history" | "export_templates"'.
  Overload 2 of 2, '(relation: never): PostgrestQueryBuilder<{ PostgrestVersion: "12"; }, { Tables: { academic_records: { Row: { id: string; student_id: string; subject: string; score: number; notes: string; user_id: string; created_at: string; assessment_name: string | null; }; Insert: { ...; }; Update: { ...; }; Relationships: []; }; ... 10 more ...; export_templates: { ...; }; }; Views: {}; Functions: { ...; }; Enums: { ...; }; CompositeTypes: {}; }, never, never, never>', gave the following error.
    Argument of type 'string' is not assignable to parameter of type 'never'.
src/services/dataManagement.ts(649,71): error TS2345: Argument of type 'string' is not assignable to parameter of type 'Error'.
src/services/dataManagement.ts(678,70): error TS2345: Argument of type 'string' is not assignable to parameter of type 'Error'.
src/services/errorHandling.ts(359,40): error TS2345: Argument of type 'string' is not assignable to parameter of type 'Error'.
src/services/security.ts(318,10): error TS1205: Re-exporting a type when 'isolatedModules' is enabled requires using 'export type'.
src/services/securityEnhanced.ts(592,49): error TS7006: Parameter 'item' implicitly has an 'any' type.
src/services/ValidationService.ts(1,10): error TS2305: Module '"../types"' has no exported member 'ValidationRule'.
src/services/ValidationService.ts(1,26): error TS2305: Module '"../types"' has no exported member 'ValidationRules'.
src/utils/formValidation.ts(2,10): error TS2305: Module '"../types"' has no exported member 'ValidationRules'.
src/utils/performance.ts(601,26): error TS2345: Argument of type 'string | undefined' is not assignable to parameter of type 'string'.
  Type 'undefined' is not assignable to type 'string'.
tests/unit/errorHandling.test.ts(91,26): error TS2367: This comparison appears to be unintentional because the types '403' and '401' have no overlap.
tests/unit/logger.test.ts(66,47): error TS2345: Argument of type 'string' is not assignable to parameter of type 'Error'.
tests/unit/logger.test.ts(93,43): error TS2345: Argument of type 'string' is not assignable to parameter of type 'Error'.
tests/unit/mobileUX.test.ts(107,29): error TS2367: This comparison appears to be unintentional because the types '100' and '0' have no overlap.
tests/unit/performance.test.ts(19,9): error TS2304: Cannot find name 'afterEach'.
tests/unit/performance.test.ts(62,9): error TS2304: Cannot find name 'afterEach'.
tests/unit/performanceComponents.test.ts(290,33): error TS2367: This comparison appears to be unintentional because the types '"development"' and '"production"' have no overlap.
tests/unit/propertyBased.test.ts(260,69): error TS2339: Property 'toLowerCase' does not exist on type 'never'.
